{"Collection":{"Version":"1.0","Href":"http://localhost:1337/","Items":[{"Href":"http://localhost:1337/mildred","Data":[{"Name":"Name","Value":"mildred"},{"Name":"Email","Value":"mildred@example.com"}],"Links":[{"Href":"http://example.com/blogs/mildred","Rel":"alternate","Prompt":"blog"}]},{"Href":"http://localhost:1337/mike","Data":[{"Name":"Name","Value":"mike"},{"Name":"Email","Value":"mike@example.com"}],"Links":[{"Href":"http://example.com/blogs/mike","Rel":"alternate","Prompt":"blog"}]},{"Href":"http://localhost:1337/mary","Data":[{"Name":"Name","Value":"mary"},{"Name":"Email","Value":"mary@example.com"}],"Links":[{"Href":"http://example.com/blogs/mary","Rel":"alternate","Prompt":"blog"}]},{"Href":"http://localhost:1337/mark","Data":[{"Name":"Name","Value":"mark"},{"Name":"Email","Value":"mark@example.com"}],"Links":[{"Href":"http://example.com/blogs/mark","Rel":"alternate","Prompt":"blog"}]},{"Href":"http://localhost:1337/muffin","Data":[{"Name":"Name","Value":"muffin"},{"Name":"Email","Value":"muffin@example.com"}],"Links":[{"Href":"http://example.com/blogs/muffin","Rel":"alternate","Prompt":"blog"}]}],"Queries":[]}}